[0.006s] Invoking command in '/home/UFAD/audreycyriell.mo/Documents/HRC/isaac-sim-tutorial/multi_robot_lidar/multiRobot_ws/build/fleet_cmd_vel_publisher': CMAKE_PREFIX_PATH=${CMAKE_PREFIX_PATH}:/home/UFAD/audreycyriell.mo/ros2_ws/install/my_py_pkg:/opt/ros/humble CONDA_PROMPT_MODIFIER=(base) /usr/bin/cmake /home/UFAD/audreycyriell.mo/Documents/HRC/isaac-sim-tutorial/multi_robot_lidar/multiRobot_ws/fleet_cmd_vel_publisher -DCMAKE_INSTALL_PREFIX=/home/UFAD/audreycyriell.mo/Documents/HRC/isaac-sim-tutorial/multi_robot_lidar/multiRobot_ws/install/fleet_cmd_vel_publisher
[0.119s] -- The C compiler identification is GNU 11.4.0
[0.216s] -- The CXX compiler identification is GNU 11.4.0
[0.223s] -- Detecting C compiler ABI info
[0.273s] -- Detecting C compiler ABI info - done
[0.277s] -- Check for working C compiler: /usr/bin/cc - skipped
[0.277s] -- Detecting C compile features
[0.278s] -- Detecting C compile features - done
[0.280s] -- Detecting CXX compiler ABI info
[0.332s] -- Detecting CXX compiler ABI info - done
[0.336s] -- Check for working CXX compiler: /usr/bin/c++ - skipped
[0.336s] -- Detecting CXX compile features
[0.337s] -- Detecting CXX compile features - done
[0.341s] -- Found ament_cmake: 1.3.11 (/opt/ros/humble/share/ament_cmake/cmake)
[0.439s] -- Found Python3: /usr/bin/python3 (found version "3.10.12") found components: Interpreter 
[0.508s] -- Found rclcpp: 16.0.11 (/opt/ros/humble/share/rclcpp/cmake)
[0.548s] -- Found rosidl_generator_c: 3.1.6 (/opt/ros/humble/share/rosidl_generator_c/cmake)
[0.553s] -- Found rosidl_adapter: 3.1.6 (/opt/ros/humble/share/rosidl_adapter/cmake)
[0.561s] -- Found rosidl_generator_cpp: 3.1.6 (/opt/ros/humble/share/rosidl_generator_cpp/cmake)
[0.574s] -- Using all available rosidl_typesupport_c: rosidl_typesupport_fastrtps_c;rosidl_typesupport_introspection_c
[0.588s] -- Using all available rosidl_typesupport_cpp: rosidl_typesupport_fastrtps_cpp;rosidl_typesupport_introspection_cpp
[0.628s] -- Found rmw_implementation_cmake: 6.1.2 (/opt/ros/humble/share/rmw_implementation_cmake/cmake)
[0.630s] -- Found rmw_fastrtps_cpp: 6.2.7 (/opt/ros/humble/share/rmw_fastrtps_cpp/cmake)
[0.685s] -- Found OpenSSL: /usr/lib/x86_64-linux-gnu/libcrypto.so (found version "3.0.2")  
[0.704s] -- Found FastRTPS: /opt/ros/humble/include  
[0.733s] -- Using RMW implementation 'rmw_fastrtps_cpp' as default
[0.741s] -- Looking for pthread.h
[0.791s] -- Looking for pthread.h - found
[0.791s] -- Performing Test CMAKE_HAVE_LIBC_PTHREAD
[0.837s] -- Performing Test CMAKE_HAVE_LIBC_PTHREAD - Success
[0.838s] -- Found Threads: TRUE  
[0.879s] -- Found geometry_msgs: 4.9.1 (/opt/ros/humble/share/geometry_msgs/cmake)
[0.929s] -- Configuring done
[0.935s] -- Generating done
[0.938s] -- Build files have been written to: /home/UFAD/audreycyriell.mo/Documents/HRC/isaac-sim-tutorial/multi_robot_lidar/multiRobot_ws/build/fleet_cmd_vel_publisher
[0.944s] Invoked command in '/home/UFAD/audreycyriell.mo/Documents/HRC/isaac-sim-tutorial/multi_robot_lidar/multiRobot_ws/build/fleet_cmd_vel_publisher' returned '0': CMAKE_PREFIX_PATH=${CMAKE_PREFIX_PATH}:/home/UFAD/audreycyriell.mo/ros2_ws/install/my_py_pkg:/opt/ros/humble CONDA_PROMPT_MODIFIER=(base) /usr/bin/cmake /home/UFAD/audreycyriell.mo/Documents/HRC/isaac-sim-tutorial/multi_robot_lidar/multiRobot_ws/fleet_cmd_vel_publisher -DCMAKE_INSTALL_PREFIX=/home/UFAD/audreycyriell.mo/Documents/HRC/isaac-sim-tutorial/multi_robot_lidar/multiRobot_ws/install/fleet_cmd_vel_publisher
[0.945s] Invoking command in '/home/UFAD/audreycyriell.mo/Documents/HRC/isaac-sim-tutorial/multi_robot_lidar/multiRobot_ws/build/fleet_cmd_vel_publisher': CMAKE_PREFIX_PATH=${CMAKE_PREFIX_PATH}:/home/UFAD/audreycyriell.mo/ros2_ws/install/my_py_pkg:/opt/ros/humble CONDA_PROMPT_MODIFIER=(base) /usr/bin/cmake --build /home/UFAD/audreycyriell.mo/Documents/HRC/isaac-sim-tutorial/multi_robot_lidar/multiRobot_ws/build/fleet_cmd_vel_publisher -- -j16 -l16
[0.975s] [ 50%] [32mBuilding CXX object CMakeFiles/publish_fleet_cmd_vel.dir/src/publish_fleet_cmd_vel.cpp.o[0m
[0.981s] [01m[K/home/UFAD/audreycyriell.mo/Documents/HRC/isaac-sim-tutorial/multi_robot_lidar/multiRobot_ws/fleet_cmd_vel_publisher/src/publish_fleet_cmd_vel.cpp:16:1:[m[K [01;35m[Kwarning: [m[Kmulti-line comment [[01;35m[K]8;;https://gcc.gnu.org/onlinedocs/gcc/Warning-Options.html#index-Wcomment-Wcomment]8;;[m[K]
[0.981s]    16 | [01;35m[K/[m[K/   ros2 run fleet_cmd_vel_publisher publish_fleet_cmd_vel --num-robots 4 \
[0.981s]       | [01;35m[K^[m[K
[3.800s] [100%] [32m[1mLinking CXX executable publish_fleet_cmd_vel[0m
[3.931s] [100%] Built target publish_fleet_cmd_vel
[3.938s] Invoked command in '/home/UFAD/audreycyriell.mo/Documents/HRC/isaac-sim-tutorial/multi_robot_lidar/multiRobot_ws/build/fleet_cmd_vel_publisher' returned '0': CMAKE_PREFIX_PATH=${CMAKE_PREFIX_PATH}:/home/UFAD/audreycyriell.mo/ros2_ws/install/my_py_pkg:/opt/ros/humble CONDA_PROMPT_MODIFIER=(base) /usr/bin/cmake --build /home/UFAD/audreycyriell.mo/Documents/HRC/isaac-sim-tutorial/multi_robot_lidar/multiRobot_ws/build/fleet_cmd_vel_publisher -- -j16 -l16
[3.945s] Invoking command in '/home/UFAD/audreycyriell.mo/Documents/HRC/isaac-sim-tutorial/multi_robot_lidar/multiRobot_ws/build/fleet_cmd_vel_publisher': CMAKE_PREFIX_PATH=${CMAKE_PREFIX_PATH}:/home/UFAD/audreycyriell.mo/ros2_ws/install/my_py_pkg:/opt/ros/humble CONDA_PROMPT_MODIFIER=(base) /usr/bin/cmake --install /home/UFAD/audreycyriell.mo/Documents/HRC/isaac-sim-tutorial/multi_robot_lidar/multiRobot_ws/build/fleet_cmd_vel_publisher
[3.949s] -- Install configuration: ""
[3.949s] -- Installing: /home/UFAD/audreycyriell.mo/Documents/HRC/isaac-sim-tutorial/multi_robot_lidar/multiRobot_ws/install/fleet_cmd_vel_publisher/lib/fleet_cmd_vel_publisher/publish_fleet_cmd_vel
[3.950s] -- Set runtime path of "/home/UFAD/audreycyriell.mo/Documents/HRC/isaac-sim-tutorial/multi_robot_lidar/multiRobot_ws/install/fleet_cmd_vel_publisher/lib/fleet_cmd_vel_publisher/publish_fleet_cmd_vel" to ""
[3.950s] -- Installing: /home/UFAD/audreycyriell.mo/Documents/HRC/isaac-sim-tutorial/multi_robot_lidar/multiRobot_ws/install/fleet_cmd_vel_publisher/share/ament_index/resource_index/package_run_dependencies/fleet_cmd_vel_publisher
[3.950s] -- Installing: /home/UFAD/audreycyriell.mo/Documents/HRC/isaac-sim-tutorial/multi_robot_lidar/multiRobot_ws/install/fleet_cmd_vel_publisher/share/ament_index/resource_index/parent_prefix_path/fleet_cmd_vel_publisher
[3.950s] -- Installing: /home/UFAD/audreycyriell.mo/Documents/HRC/isaac-sim-tutorial/multi_robot_lidar/multiRobot_ws/install/fleet_cmd_vel_publisher/share/fleet_cmd_vel_publisher/environment/ament_prefix_path.sh
[3.950s] -- Installing: /home/UFAD/audreycyriell.mo/Documents/HRC/isaac-sim-tutorial/multi_robot_lidar/multiRobot_ws/install/fleet_cmd_vel_publisher/share/fleet_cmd_vel_publisher/environment/ament_prefix_path.dsv
[3.950s] -- Installing: /home/UFAD/audreycyriell.mo/Documents/HRC/isaac-sim-tutorial/multi_robot_lidar/multiRobot_ws/install/fleet_cmd_vel_publisher/share/fleet_cmd_vel_publisher/environment/path.sh
[3.950s] -- Installing: /home/UFAD/audreycyriell.mo/Documents/HRC/isaac-sim-tutorial/multi_robot_lidar/multiRobot_ws/install/fleet_cmd_vel_publisher/share/fleet_cmd_vel_publisher/environment/path.dsv
[3.950s] -- Installing: /home/UFAD/audreycyriell.mo/Documents/HRC/isaac-sim-tutorial/multi_robot_lidar/multiRobot_ws/install/fleet_cmd_vel_publisher/share/fleet_cmd_vel_publisher/local_setup.bash
[3.950s] -- Installing: /home/UFAD/audreycyriell.mo/Documents/HRC/isaac-sim-tutorial/multi_robot_lidar/multiRobot_ws/install/fleet_cmd_vel_publisher/share/fleet_cmd_vel_publisher/local_setup.sh
[3.950s] -- Installing: /home/UFAD/audreycyriell.mo/Documents/HRC/isaac-sim-tutorial/multi_robot_lidar/multiRobot_ws/install/fleet_cmd_vel_publisher/share/fleet_cmd_vel_publisher/local_setup.zsh
[3.951s] -- Installing: /home/UFAD/audreycyriell.mo/Documents/HRC/isaac-sim-tutorial/multi_robot_lidar/multiRobot_ws/install/fleet_cmd_vel_publisher/share/fleet_cmd_vel_publisher/local_setup.dsv
[3.951s] -- Installing: /home/UFAD/audreycyriell.mo/Documents/HRC/isaac-sim-tutorial/multi_robot_lidar/multiRobot_ws/install/fleet_cmd_vel_publisher/share/fleet_cmd_vel_publisher/package.dsv
[3.951s] -- Installing: /home/UFAD/audreycyriell.mo/Documents/HRC/isaac-sim-tutorial/multi_robot_lidar/multiRobot_ws/install/fleet_cmd_vel_publisher/share/ament_index/resource_index/packages/fleet_cmd_vel_publisher
[3.951s] -- Installing: /home/UFAD/audreycyriell.mo/Documents/HRC/isaac-sim-tutorial/multi_robot_lidar/multiRobot_ws/install/fleet_cmd_vel_publisher/share/fleet_cmd_vel_publisher/cmake/fleet_cmd_vel_publisherConfig.cmake
[3.951s] -- Installing: /home/UFAD/audreycyriell.mo/Documents/HRC/isaac-sim-tutorial/multi_robot_lidar/multiRobot_ws/install/fleet_cmd_vel_publisher/share/fleet_cmd_vel_publisher/cmake/fleet_cmd_vel_publisherConfig-version.cmake
[3.951s] -- Installing: /home/UFAD/audreycyriell.mo/Documents/HRC/isaac-sim-tutorial/multi_robot_lidar/multiRobot_ws/install/fleet_cmd_vel_publisher/share/fleet_cmd_vel_publisher/package.xml
[3.952s] Invoked command in '/home/UFAD/audreycyriell.mo/Documents/HRC/isaac-sim-tutorial/multi_robot_lidar/multiRobot_ws/build/fleet_cmd_vel_publisher' returned '0': CMAKE_PREFIX_PATH=${CMAKE_PREFIX_PATH}:/home/UFAD/audreycyriell.mo/ros2_ws/install/my_py_pkg:/opt/ros/humble CONDA_PROMPT_MODIFIER=(base) /usr/bin/cmake --install /home/UFAD/audreycyriell.mo/Documents/HRC/isaac-sim-tutorial/multi_robot_lidar/multiRobot_ws/build/fleet_cmd_vel_publisher
